---
source: crates/termist-tui/src/ui.rs
expression: "render(&mut app, 80, 16).backend()"
---
" termist   orbit-api ◆1✓1                                                 12:00 "
"┏━━━━━━━┌ settings ────────────────────────────────────────────────────┐        "
"┃◆ claud│ theme         ‹ Üsküdar ›                                    │        "
"┃claude │ colours       ‹ auto (24-bit here) ›                         │        "
"┗━━━━━━━│ prefix        C-a                                            │        "
"┌ claude│ pane          ‹ auto (right from 180 columns) ›              │───────┐"
"│hello  │ keys          …                                              │       │"
"│       │ done sound    ‹ off ›                                        │       │"
"│       │ waiting sound ‹ off ›                                        │       │"
"│       │ desktop       ‹ on, when the terminal is not in front ›      │       │"
"│       │ toasts        ‹ on, for agents that wait or are done ›       │       │"
"│       │ splash        ‹ on ›                                         │       │"
"│       │                                                              │       │"
"│       │ default settings                                             │       │"
"└───────└──────────────────────────────────────────────────────────────┘───────┘"
"j/k choose · ←/→ change · Enter set · Esc close                                 "
