---
source: crates/termist-tui/src/ui.rs
expression: "render(&mut app, 60, 16).backend()"
---
" termist   orbit-api ◆1✓1                             12:00 "
"┏━━━━━━━━━━━━━━━━━━━━━━┓╭──────────────────────╮            "
"┃◆ claude-1            ┃│✓ shell-2             │            "
"┃claude · waiting      ┃│shell · done          │            "
"┌ new task ────────────────────────────────────────────────┐"
"│fix the login redirect                                    │"
"│                                                          │"
"│                                                          │"
"│                                                          │"
"│orbit-api ^P · folder ^T · claude Tab · opus · high ^O    │"
"└──────────────────────────────────────────────────────────┘"
"│                                                          │"
"│                                                          │"
"│                                                          │"
"└──────────────────────────────────────────────────────────┘"
"Enter start · Alt+Enter newline · ↑ history · Tab CLI · ^O m"
