---
source: crates/termist-tui/src/ui.rs
expression: "render(&mut app, 110, 16).backend()"
---
" termist pull requests   orbit-api ◆1✓1⇄1                                                               12:00 "
"┌ Pull requests │ Issues · orbit-api · 2 of 3 repos ⟳ ┐┌ #212 Add a dealer filter to search ─────────────────┐"
"│ all  ⇄ to review  mine                              ││acme/site · bob · feat → main                        │"
"│                                                     ││◇ your review · ✓ checks · +184 −32 · 9 files        │"
"│ site                                              3 ││                                                     │"
"│▌• #212  Add a dealer filter to search     ◇ ✓    2h ││Enter: the whole pull request                        │"
"│   #209  Fix image lazy loading            ✗ ✗    1d ││                                                     │"
"│   #201  WIP: new header                   draft  5d ││                                                     │"
"│ admin-api                                         1 ││                                                     │"
"│   #140  Paginate /vehicles                ✓ ✓ ⚠  6h ││                                                     │"
"│                                                     ││                                                     │"
"│                                                     ││                                                     │"
"│                                                     ││                                                     │"
"│                                                     ││                                                     │"
"└─────────────────────────────────────────────────────┘└─────────────────────────────────────────────────────┘"
"pull requests · Enter open · / search · f ⇄ to review · Tab issues · m repos · w worktree · b browser · R refr"
