---
source: crates/termist-tui/src/ui.rs
expression: "render(&mut app, 80, 16).backend()"
---
" termist   orbit-api ◆1✓1                                                       "
"┏━━━━━━━━━━━━━━━━━━━━━━┓╭──────────────────────╮                                "
"┃◆ claude-1            ┃│✓ shell-2             │                                "
"┃claude ┌ settings ────────────────────────────────────────────────────┐        "
"┗━━━━━━━│ theme     ‹ Üsküdar ›                                        │        "
"┌ claude│ colours   ‹ auto (24-bit here) ›                             │───────┐"
"│hello  │ prefix    C-a                                                │       │"
"│       │ pane      ‹ auto (right from 180 columns) ›                  │       │"
"│       │ keys      …                                                  │       │"
"│       │                                                              │       │"
"│       │ default settings                                             │       │"
"│       └──────────────────────────────────────────────────────────────┘       │"
"│                                                                              │"
"│                                                                              │"
"└──────────────────────────────────────────────────────────────────────────────┘"
"j/k choose · ←/→ change · Enter set · Esc close                                 "
