---
source: crates/termist-tui/src/ui.rs
expression: "render(&mut app, 60, 16).backend()"
---
" termist   orbit-api ◆1✓6                                   "
"↑ 4 more                                                    "
"┏━━━━━━━━━━━━━━━━━━━━━━┓╭──────────────────────╮            "
"┃✓ shell-5             ┃│✓ shell-6             │            "
"┃shell · done          ┃│shell · done          │            "
"┗━━━━━━━━━━━━━━━━━━━━━━┛╰──────────────────────╯            "
"↓ 1 more                                                    "
"                                                            "
"┌ shell-5 — shell ─────────────────────────────────────────┐"
"│                                                          │"
"│                                                          │"
"│                                                          │"
"│                                                          │"
"│                                                          │"
"└──────────────────────────────────────────────────────────┘"
"n new agent · t shell · Enter focus/resume · . next● · hjkl "
