---
source: crates/termist-tui/src/ui.rs
expression: t.backend()
---
" termist   orbit-api ◆1✓1  closed ◆2                        "
"┏━━━━━━━━━━━━━━━━━━━━━━┓╭──────────────────────╮            "
"┃◆ claude-1            ┃│✓ shell-2             │            "
"┃claude · waiting      ┃│shell · done          │            "
"┗━━━━━━━━━━━━━━━━━━━━━━┛╰──────────────────────╯            "
"┌ claude-1 — claude ───────────────────────────────────────┐"
"│hello                                                     │"
"│                                                          │"
"│                                                          │"
"│                                                          │"
"│                                                          │"
"│                                                          │"
"│                                                          │"
"│                                                          │"
"└──────────────────────────────────────────────────────────┘"
"? help · p new task · Space follow-up · / sessions · n agent"
